[00:14:03.582] [10288] [I] CharacterPanel v1-2-1-0
[00:14:03.582] [10288] [I] CharacterPanel loaded
[00:14:57.783] [38004] [I] All shaders compiled
[00:14:57.783] [38004] [I] Installed pre-UI renderer hook
[00:14:57.783] [38004] [I] Menu sink installed
[00:14:57.783] [38004] [I] SCOPY BUILD CharacterPanel-scopy-HKX2-a0eaef50cd-cl94faaed0c6-20261009T161113Z runtime=1-6-1170-0 mode=manual-scene-copy legacy-actor-route=disabled animation=procedural-idle cbpc=not-registered smp=not-registered hotkeys=F7-copy F8-draw F3-rotate F4-release F2-idle-toggle
[00:14:57.820] [6928 ] [I] Studio host changed: 0x0 -> 0x20488d36980 (paused=true)
[00:14:57.820] [6928 ] [I] Studio light node has been created
[00:14:57.820] [6928 ] [I] CP-LIGHT slot 0: registered, shell 0x2061358f880 queued (ledger stays the authority)
[00:14:57.820] [6928 ] [I] CP-LIGHT slot 1: registered, shell 0x2061358f740 queued (ledger stays the authority)
[00:14:57.820] [6928 ] [I] CP-LIGHT slot 2: registered, shell 0x2061358f600 queued (ledger stays the authority)
[00:14:57.820] [6928 ] [I] Studio lights registered on the ledger (scene=0x1faf2ce6e80 -- ledger fetch will populate the slots)
[00:14:57.820] [6928 ] [I] CP-LIGHT slot 0: ledger shell fetched 0x2061358f880 (after 0 miss frames)
[00:14:57.820] [6928 ] [I] CP-LIGHT slot 1: ledger shell fetched 0x2061358f740 (after 0 miss frames)
[00:14:57.820] [6928 ] [I] CP-LIGHT slot 2: ledger shell fetched 0x2061358f600 (after 0 miss frames)
[00:15:20.575] [6928 ] [I] CP-LIGHT slot 0: ledger shell dropped
[00:15:20.575] [6928 ] [I] CP-LIGHT slot 1: ledger shell dropped
[00:15:20.575] [6928 ] [I] CP-LIGHT slot 2: ledger shell dropped
[00:15:20.575] [6928 ] [W] Studio lights not fully served by the ledger yet
[00:15:24.346] [6928 ] [I] CP-LIGHT slot 0: fallback re-registered after 1 miss frames (shell 0x2061358fc40 filed to lightQueueAdd)
[00:15:24.346] [6928 ] [I] CP-LIGHT slot 1: fallback re-registered after 1 miss frames (shell 0x2061358f240 filed to lightQueueAdd)
[00:15:24.346] [6928 ] [I] CP-LIGHT slot 2: fallback re-registered after 1 miss frames (shell 0x2061358f100 filed to lightQueueAdd)
[00:15:24.407] [6928 ] [I] CP-LIGHT slot 0: ledger shell fetched 0x2061358fc40 (after 1 miss frames)
[00:15:24.407] [6928 ] [I] CP-LIGHT slot 1: ledger shell fetched 0x2061358f240 (after 1 miss frames)
[00:15:24.407] [6928 ] [I] CP-LIGHT slot 2: ledger shell fetched 0x2061358f100 (after 1 miss frames)
[00:15:31.914] [10288] [I] SCOPY BEGIN capture=1 actor=00000014 source=0x206970cec80 parent=0x20697a11ec0 nodes=470 geoms=23 api=NiObject::Clone id=68835/70187
[00:15:31.915] [10288] [I] SCOPY CLONE-RETURN capture=1 copy=0x2069d452b00
[00:15:31.915] [10288] [I] SCOPY SOURCE-DIFF capture-diff root-same=true parent-same=true object-set-same=true local-drift=false world-tight=0 world-loose=0 bound-loose=0 objects=470 skin-bones=131
[00:15:31.915] [10288] [I] SCOPY AUDIT shared-nodes=0 shared-skins=0 shared-properties=0 shared-buffers=0 shared-passes=0 external-roots=0 external-bones=0 external-transforms=0 external-pass-geometry=0 external-fade-nodes=0 invalid-arrays=0 unbound-slots=0
[00:15:31.915] [10288] [I] SCOPY CENSUS source-nodes=470 copy-nodes=470 source-geoms=23 copy-geoms=23 source-skins=13 copy-skins=13 source-dynamic=8 copy-dynamic=8
[00:15:31.915] [10288] [I] SCOPY FRAME skinned-bound valid=true radius=74.2 center=(6363.9,1445.8,256.4) graph-bound radius=74.5 scale=0.35 pruned-nodes=0
[00:15:31.915] [10288] [I] SCOPY READY capture=1 controllers-removed=14 collisions-removed=18 draw=off actor-created=false F8=draw F3=rotate F4=release
[00:15:31.915] [10288] [I] SCOPY ANIM source form=00000014 graphs=2 copy-nodes=470
[00:15:31.915] [10288] [I] SCOPY ANIM graph[0] project='DefaultFemale' holder=true root=true bone-nodes=116 anim-bones=116 behavior-graph=true root-generator='hkbStateMachine' binding-set=true bindings=15203 pose-local=116
[00:15:31.915] [10288] [I] SCOPY ANIM skeleton graph=0 name='NPC Root [Root]' bones=116 bone-nodes=116 bone-node-names-agree=37/116 matched=90 ambiguous=0 duplicate-nodes=0 parent-ancestors=90 missing='x_NPC LookNode [Look], x_NPC Translate [Pos ], x_NPC Rotate [Rot ], SkirtLBone03, Shield, Weapon, MagicEffectsNode, NPC Head MagicNode [Hmag]' wrong-parent='-'
[00:15:31.915] [10288] [I] SCOPY ANIM graph[1] project='FirstPerson' holder=true root=false bone-nodes=99 anim-bones=99 behavior-graph=true root-generator='hkbStateMachine' binding-set=true bindings=2275 pose-local=99
[00:15:31.915] [10288] [I] SCOPY ANIM skeleton graph=1 name='NPC Root [Root]' bones=99 bone-nodes=99 bone-node-names-agree=78/99 matched=78 ambiguous=0 duplicate-nodes=0 parent-ancestors=78 missing='NPC LookNode [Look], NPC Translate [Pos ], NPC Rotate [Rot ], x_SkirtRBone01, x_SkirtRBone02, x_SkirtRBone03, x_SkirtLBone01, x_SkirtLBone02' wrong-parent='-'
[00:15:31.915] [10288] [I] SCOPY ANIM gate verdict=INCOMPLETE graph=0 matched=90/116 ambiguous=0
[00:15:31.915] [10288] [I] SCOPY ANIM graph[0] project='DefaultFemale' holder=true root=true bone-nodes=116 anim-bones=116 behavior-graph=true root-generator='hkbStateMachine' binding-set=true bindings=15203 pose-local=116
[00:15:31.915] [10288] [I] SCOPY ANIM skeleton graph=0 name='NPC Root [Root]' bones=116 bone-nodes=116 bone-node-names-agree=37/116 matched=90 ambiguous=0 duplicate-nodes=0 parent-ancestors=90 missing='x_NPC LookNode [Look], x_NPC Translate [Pos ], x_NPC Rotate [Rot ], SkirtLBone03, Shield, Weapon, MagicEffectsNode, NPC Head MagicNode [Hmag]' wrong-parent='-'
[00:15:31.915] [10288] [I] SCOPY ANIM graph[1] project='FirstPerson' holder=true root=false bone-nodes=99 anim-bones=99 behavior-graph=true root-generator='hkbStateMachine' binding-set=true bindings=2275 pose-local=99
[00:15:31.915] [10288] [I] SCOPY ANIM skeleton graph=1 name='NPC Root [Root]' bones=99 bone-nodes=99 bone-node-names-agree=78/99 matched=78 ambiguous=0 duplicate-nodes=0 parent-ancestors=78 missing='NPC LookNode [Look], NPC Translate [Pos ], NPC Rotate [Rot ], x_SkirtRBone01, x_SkirtRBone02, x_SkirtRBone03, x_SkirtLBone01, x_SkirtLBone02' wrong-parent='-'
[00:15:31.916] [10288] [I] SCOPY ANIM map graph=0 bones=116 matched=90 helper-unresolved=3 other-unresolved=23
[00:15:31.916] [10288] [I] SCOPY ANIM replay pose entries=116 scale-off-from-one=4
[00:15:31.916] [10288] [I] SCOPY ANIM replay control max-pos-delta=124.740 max-rot-delta=171.80deg bones=90
[00:15:31.916] [10288] [I] SCOPY ANIM replay order=skeleton quat=direct written=90 max-pos-delta=3.743 max-rot-delta=0.08deg bones=90
[00:15:31.916] [10288] [I] SCOPY ANIM replay order=skeleton quat=transposed written=90 max-pos-delta=56.438 max-rot-delta=179.19deg bones=90
[00:15:31.916] [10288] [I] SCOPY ANIM replay order=bone-nodes quat=direct written=106 max-pos-delta=1.614 max-rot-delta=0.03deg bones=106
[00:15:31.916] [10288] [I] SCOPY ANIM replay order=bone-nodes quat=transposed written=106 max-pos-delta=56.439 max-rot-delta=179.19deg bones=106
[00:15:31.916] [10288] [I] SCOPY ANIM replay restored max-pos-delta=0.000 max-rot-delta=0.03deg bones=90
[00:15:31.916] [10288] [I] SCOPY ANIM replay verdict match=none control=124.740u best=1.6141u
[00:15:31.916] [10288] [I] SCOPY GEOMETRY capture=1 name='FemaleBrowsHuman01' type='BSDynamicTriShape'
[00:15:31.916] [10288] [I] SCOPY GEOMETRY capture=1 name='00CVEO_00VAN_AA_ALDDEyes_Blue_FEMALE' type='BSDynamicTriShape'
[00:15:31.916] [10288] [I] SCOPY GEOMETRY capture=1 name='0_HAIRLINE_Female_Human_Straight' type='BSDynamicTriShape'
[00:15:31.916] [10288] [I] SCOPY GEOMETRY capture=1 name='0Anto92HL' type='BSDynamicTriShape'
[00:15:31.916] [10288] [I] SCOPY GEOMETRY capture=1 name='0Anto92' type='BSDynamicTriShape'
[00:15:31.916] [10288] [I] SCOPY GEOMETRY capture=1 name='FemaleMouthHumanoidDefault' type='BSDynamicTriShape'
[00:15:31.916] [10288] [I] SCOPY GEOMETRY capture=1 name='FemaleHeadNord' type='BSDynamicTriShape'
[00:15:31.916] [10288] [I] SCOPY GEOMETRY capture=1 name='shoes' type='BSTriShape'
[00:15:31.916] [10288] [I] SCOPY GEOMETRY capture=1 name='Feet' type='BSTriShape'
[00:15:31.916] [10288] [I] SCOPY GEOMETRY capture=1 name=' (00000D6C)[1]/ (FE04CB10) [80%]' type='BSTriShape'
[00:15:31.916] [10288] [I] SCOPY GEOMETRY capture=1 name='clothes_underwear' type='BSTriShape'
[00:15:31.916] [10288] [I] SCOPY GEOMETRY capture=1 name='clothes' type='BSTriShape'
[00:15:31.916] [10288] [I] SCOPY GEOMETRY capture=1 name='CBBE' type='BSTriShape'
[00:15:31.916] [10288] [I] SCOPY GEOMETRY capture=1 name='Face [Ovl0]' type='BSDynamicTriShape'
[00:15:31.916] [10288] [I] SCOPY GEOMETRY capture=1 name='Feet [SOvl0]' type='BSTriShape'
[00:15:31.916] [10288] [I] SCOPY GEOMETRY capture=1 name='Feet [Ovl2]' type='BSTriShape'
[00:15:31.916] [10288] [I] SCOPY GEOMETRY capture=1 name='Feet [Ovl1]' type='BSTriShape'
[00:15:31.916] [10288] [I] SCOPY GEOMETRY capture=1 name='Feet [Ovl0]' type='BSTriShape'
[00:15:31.916] [10288] [I] SCOPY GEOMETRY capture=1 name='Hands [SOvl0]' type='BSTriShape'
[00:15:31.916] [10288] [I] SCOPY GEOMETRY capture=1 name='Hands [Ovl1]' type='BSTriShape'
[00:15:31.916] [10288] [I] SCOPY GEOMETRY capture=1 name='Hands [Ovl0]' type='BSTriShape'
[00:15:31.916] [10288] [I] SCOPY GEOMETRY capture=1 name='Body [SOvl0]' type='BSTriShape'
[00:15:31.916] [10288] [I] SCOPY GEOMETRY capture=1 name='Body [Ovl0]' type='BSTriShape'
[00:15:34.222] [10288] [I] SCOPY DRAW-TOGGLE enabled=true capture=1
[00:15:34.222] [10288] [I] SCOPY IDLE bound 8/8 channels
[00:15:34.224] [10288] [I] Clone draw: passes=23 rd-null=23 lights=3 | geoms=23 skinned=23 roots=2 num-mat=331 bone-count=331 bound=331
[00:15:34.224] [10288] [I] SCOPY DRAW frame=1 passes=23 lights=true animation-driver=none physics-driver=none
[00:15:36.068] [10288] [I] SCOPY DRAW-TOGGLE enabled=false capture=1
[00:15:41.154] [6928 ] [I] CP-LIGHT slot 0: ledger shell dropped
[00:15:41.154] [6928 ] [I] CP-LIGHT slot 1: ledger shell dropped
[00:15:41.154] [6928 ] [I] CP-LIGHT slot 2: ledger shell dropped
[00:15:41.924] [6928 ] [I] SCOPY RELEASE reason=session-boundary capture=1
[00:15:41.924] [6928 ] [I] SCOPY PARK snapshots held alive for the process lifetime: 1
[00:15:43.309] [10288] [W] Studio lights not fully served by the ledger yet
[00:15:47.963] [10288] [W] Studio lights not fully served by the ledger yet
[00:15:52.431] [6928 ] [W] Studio lights not fully served by the ledger yet
[00:15:58.814] [6928 ] [W] Studio lights not fully served by the ledger yet
[00:15:59.848] [6928 ] [I] CP-LIGHT slot 0: fallback re-registered after 1 miss frames (shell 0x2061358e480 filed to lightQueueAdd)
[00:15:59.848] [6928 ] [I] CP-LIGHT slot 1: fallback re-registered after 1 miss frames (shell 0x2061358e200 filed to lightQueueAdd)
[00:15:59.848] [6928 ] [I] CP-LIGHT slot 2: fallback re-registered after 1 miss frames (shell 0x2061358e0c0 filed to lightQueueAdd)
[00:15:59.909] [6928 ] [I] CP-LIGHT slot 0: ledger shell fetched 0x2061358e480 (after 1 miss frames)
[00:15:59.909] [6928 ] [I] CP-LIGHT slot 1: ledger shell fetched 0x2061358e200 (after 1 miss frames)
[00:15:59.909] [6928 ] [I] CP-LIGHT slot 2: ledger shell fetched 0x2061358e0c0 (after 1 miss frames)
[00:16:16.833] [10288] [I] SCOPY BEGIN capture=2 actor=00000014 source=0x206a3697d00 parent=0x206a3776380 nodes=1851 geoms=123 api=NiObject::Clone id=68835/70187
[00:16:16.835] [10288] [I] SCOPY CLONE-RETURN capture=2 copy=0x209f8d33e80
[00:16:16.836] [10288] [I] SCOPY SOURCE-DIFF capture-diff root-same=true parent-same=true object-set-same=true local-drift=false world-tight=49 world-loose=49 bound-loose=0 objects=1851 skin-bones=886
[00:16:16.836] [10288] [I] SCOPY AUDIT shared-nodes=0 shared-skins=0 shared-properties=0 shared-buffers=0 shared-passes=0 external-roots=0 external-bones=0 external-transforms=0 external-pass-geometry=0 external-fade-nodes=0 invalid-arrays=0 unbound-slots=0
[00:16:16.836] [10288] [I] SCOPY CENSUS source-nodes=1851 copy-nodes=1851 source-geoms=123 copy-geoms=123 source-skins=60 copy-skins=60 source-dynamic=10 copy-dynamic=10
[00:16:16.836] [10288] [I] SCOPY FRAME skinned-bound valid=true radius=78.5 center=(-1130.0,8243.4,-992.5) graph-bound radius=275.1 scale=0.35 pruned-nodes=71
[00:16:16.837] [10288] [I] SCOPY READY capture=2 controllers-removed=118 collisions-removed=19 draw=off actor-created=false F8=draw F3=rotate F4=release
[00:16:16.837] [10288] [I] SCOPY ANIM source form=00000014 graphs=2 copy-nodes=1724
[00:16:16.837] [10288] [I] SCOPY ANIM graph[0] project='DefaultFemale' holder=true root=true bone-nodes=116 anim-bones=116 behavior-graph=true root-generator='hkbStateMachine' binding-set=true bindings=15203 pose-local=116
[00:16:16.837] [10288] [I] SCOPY ANIM skeleton graph=0 name='NPC Root [Root]' bones=116 bone-nodes=116 bone-node-names-agree=37/116 matched=109 ambiguous=0 duplicate-nodes=147 parent-ancestors=109 missing='x_NPC LookNode [Look], x_NPC Translate [Pos ], x_NPC Rotate [Rot ], Shield, Weapon, Quiver, Belly' wrong-parent='-'
[00:16:16.837] [10288] [I] SCOPY ANIM graph[1] project='FirstPerson' holder=true root=false bone-nodes=99 anim-bones=99 behavior-graph=true root-generator='hkbStateMachine' binding-set=true bindings=2275 pose-local=99
[00:16:16.837] [10288] [I] SCOPY ANIM skeleton graph=1 name='NPC Root [Root]' bones=99 bone-nodes=99 bone-node-names-agree=78/99 matched=80 ambiguous=0 duplicate-nodes=147 parent-ancestors=80 missing='NPC LookNode [Look], NPC Translate [Pos ], NPC Rotate [Rot ], x_SkirtRBone01, x_SkirtRBone02, x_SkirtRBone03, x_SkirtLBone01, x_SkirtLBone02' wrong-parent='-'
[00:16:16.837] [10288] [I] SCOPY ANIM gate verdict=INCOMPLETE graph=0 matched=109/116 ambiguous=0
[00:16:16.837] [10288] [I] SCOPY ANIM graph[0] project='DefaultFemale' holder=true root=true bone-nodes=116 anim-bones=116 behavior-graph=true root-generator='hkbStateMachine' binding-set=true bindings=15203 pose-local=116
[00:16:16.837] [10288] [I] SCOPY ANIM skeleton graph=0 name='NPC Root [Root]' bones=116 bone-nodes=116 bone-node-names-agree=37/116 matched=109 ambiguous=0 duplicate-nodes=147 parent-ancestors=109 missing='x_NPC LookNode [Look], x_NPC Translate [Pos ], x_NPC Rotate [Rot ], Shield, Weapon, Quiver, Belly' wrong-parent='-'
[00:16:16.837] [10288] [I] SCOPY ANIM graph[1] project='FirstPerson' holder=true root=false bone-nodes=99 anim-bones=99 behavior-graph=true root-generator='hkbStateMachine' binding-set=true bindings=2275 pose-local=99
[00:16:16.838] [10288] [I] SCOPY ANIM skeleton graph=1 name='NPC Root [Root]' bones=99 bone-nodes=99 bone-node-names-agree=78/99 matched=80 ambiguous=0 duplicate-nodes=147 parent-ancestors=80 missing='NPC LookNode [Look], NPC Translate [Pos ], NPC Rotate [Rot ], x_SkirtRBone01, x_SkirtRBone02, x_SkirtRBone03, x_SkirtLBone01, x_SkirtLBone02' wrong-parent='-'
[00:16:16.838] [10288] [I] SCOPY ANIM map graph=0 bones=116 matched=109 helper-unresolved=3 other-unresolved=4
[00:16:16.838] [10288] [I] SCOPY ANIM replay pose entries=116 scale-off-from-one=7
[00:16:16.838] [10288] [I] SCOPY ANIM replay control max-pos-delta=198.992 max-rot-delta=178.79deg bones=109
[00:16:16.838] [10288] [I] SCOPY ANIM replay order=skeleton quat=direct written=109 max-pos-delta=5.591 max-rot-delta=0.10deg bones=109
[00:16:16.838] [10288] [I] SCOPY ANIM replay order=skeleton quat=transposed written=109 max-pos-delta=146.048 max-rot-delta=179.77deg bones=109
[00:16:16.838] [10288] [I] SCOPY ANIM replay order=bone-nodes quat=direct written=106 max-pos-delta=0.529 max-rot-delta=0.06deg bones=106
[00:16:16.838] [10288] [I] SCOPY ANIM replay order=bone-nodes quat=transposed written=106 max-pos-delta=58.999 max-rot-delta=165.22deg bones=106
[00:16:16.838] [10288] [I] SCOPY ANIM replay restored max-pos-delta=0.000 max-rot-delta=0.06deg bones=109
[00:16:16.838] [10288] [I] SCOPY ANIM replay verdict match=bone-nodes/direct control=198.992u best=0.5288u
[00:16:16.838] [10288] [I] SCOPY GEOMETRY capture=2 name=' (FE2E7EFD)[1]/ (FE2E7EFC) [100%]' type='BSTriShape'
[00:16:16.838] [10288] [I] SCOPY GEOMETRY capture=2 name='00UBE_EyeLashesZoe' type='BSDynamicTriShape'
[00:16:16.838] [10288] [I] SCOPY GEOMETRY capture=2 name='T118' type='BSTriShape'
[00:16:16.838] [10288] [I] SCOPY GEOMETRY capture=2 name='T117' type='BSTriShape'
[00:16:16.838] [10288] [I] SCOPY GEOMETRY capture=2 name='T116' type='BSTriShape'
[00:16:16.838] [10288] [I] SCOPY GEOMETRY capture=2 name='T112' type='BSTriShape'
[00:16:16.838] [10288] [I] SCOPY GEOMETRY capture=2 name='T111' type='BSTriShape'
[00:16:16.838] [10288] [I] SCOPY GEOMETRY capture=2 name='T110' type='BSTriShape'
[00:16:16.838] [10288] [I] SCOPY GEOMETRY capture=2 name='E118' type='BSTriShape'
[00:16:16.838] [10288] [I] SCOPY GEOMETRY capture=2 name='E117' type='BSTriShape'
[00:16:16.838] [10288] [I] SCOPY GEOMETRY capture=2 name='E116' type='BSTriShape'
[00:16:16.838] [10288] [I] SCOPY GEOMETRY capture=2 name='E115' type='BSTriShape'
[00:16:16.838] [10288] [I] SCOPY GEOMETRY capture=2 name='E114' type='BSTriShape'
[00:16:16.838] [10288] [I] SCOPY GEOMETRY capture=2 name='E113' type='BSTriShape'
[00:16:16.838] [10288] [I] SCOPY GEOMETRY capture=2 name='E112' type='BSTriShape'
[00:16:16.838] [10288] [I] SCOPY GEOMETRY capture=2 name='E111' type='BSTriShape'
[00:16:16.838] [10288] [I] SCOPY GEOMETRY capture=2 name='E110' type='BSTriShape'
[00:16:16.838] [10288] [I] SCOPY GEOMETRY capture=2 name='E19' type='BSTriShape'
[00:16:16.838] [10288] [I] SCOPY GEOMETRY capture=2 name='E18' type='BSTriShape'
[00:16:16.838] [10288] [I] SCOPY GEOMETRY capture=2 name='E17' type='BSTriShape'
[00:16:16.838] [10288] [I] SCOPY GEOMETRY capture=2 name='E16' type='BSTriShape'
[00:16:16.838] [10288] [I] SCOPY GEOMETRY capture=2 name='E15' type='BSTriShape'
[00:16:16.838] [10288] [I] SCOPY GEOMETRY capture=2 name='E14' type='BSTriShape'
[00:16:16.838] [10288] [I] SCOPY GEOMETRY capture=2 name='E13' type='BSTriShape'
[00:16:16.838] [10288] [I] SCOPY GEOMETRY capture=2 name='E12' type='BSTriShape'
[00:16:16.838] [10288] [I] SCOPY GEOMETRY capture=2 name='N15' type='BSTriShape'
[00:16:16.838] [10288] [I] SCOPY GEOMETRY capture=2 name='N16' type='BSTriShape'
[00:16:16.838] [10288] [I] SCOPY GEOMETRY capture=2 name='AE11' type='BSTriShape'
[00:16:16.838] [10288] [I] SCOPY GEOMETRY capture=2 name='00UBE_LDDLevisChoice13be_Female' type='BSDynamicTriShape'
[00:16:16.838] [10288] [I] SCOPY GEOMETRY capture=2 name='00UBE_FemaleEyesHuman_outer' type='BSDynamicTriShape'
[00:16:16.838] [10288] [I] SCOPY GEOMETRY capture=2 name='00UBE_FemaleEyesHuman_shadows' type='BSDynamicTriShape'
[00:16:16.838] [10288] [I] SCOPY GEOMETRY capture=2 name='00UBE_FemaleLensLeft_Dummy' type='BSDynamicTriShape'
[00:16:16.838] [10288] [I] SCOPY GEOMETRY capture=2 name='00UBE_FemaleLensRight_Dummy' type='BSDynamicTriShape'
[00:16:16.838] [10288] [I] SCOPY GEOMETRY capture=2 name='00UBE_FemaleEyesHumanLightGrey' type='BSDynamicTriShape'
[00:16:16.838] [10288] [I] SCOPY GEOMETRY capture=2 name='00UBE_FemaleMouth' type='BSDynamicTriShape'
[00:16:16.838] [10288] [I] SCOPY GEOMETRY capture=2 name='00UBE_FemaleHead' type='BSDynamicTriShape'
[00:16:16.838] [10288] [I] SCOPY GEOMETRY capture=2 name=' (FE2E7807)[1]/ (FE2E7801) [100%]' type='BSTriShape'
[00:16:16.839] [10288] [I] SCOPY GEOMETRY capture=2 name='3BCA_Feet' type='BSTriShape'
[00:16:16.839] [10288] [I] SCOPY GEOMETRY capture=2 name='3BCA_Leg' type='BSTriShape'
[00:16:16.839] [10288] [I] SCOPY GEOMETRY capture=2 name='3BCA_Butt' type='BSTriShape'
[00:16:16.839] [10288] [I] SCOPY GEOMETRY capture=2 name='3BCA_Anus' type='BSTriShape'
[00:16:16.839] [10288] [I] SCOPY GEOMETRY capture=2 name='3BCA_Belly' type='BSTriShape'
[00:16:16.839] [10288] [I] SCOPY GEOMETRY capture=2 name='3BCA_Hand' type='BSTriShape'
[00:16:16.839] [10288] [I] SCOPY GEOMETRY capture=2 name='3BCA_Arm' type='BSTriShape'
[00:16:16.839] [10288] [I] SCOPY GEOMETRY capture=2 name='3BCA_Breast' type='BSTriShape'
[00:16:16.839] [10288] [I] SCOPY GEOMETRY capture=2 name='3BCA_Head' type='BSTriShape'
[00:16:16.839] [10288] [I] SCOPY GEOMETRY capture=2 name='VirtualGround' type='BSTriShape'
[00:16:16.839] [10288] [I] SCOPY GEOMETRY capture=2 name=' (FE2E7EFF)[1]/ (FE2E7EFE) [100%]' type='BSTriShape'
[00:16:16.839] [10288] [I] SCOPY GEOMETRY capture=2 name='Feet' type='BSTriShape'
[00:16:16.839] [10288] [I] SCOPY GEOMETRY capture=2 name='Heels' type='BSTriShape'
[00:16:16.839] [10288] [I] SCOPY GEOMETRY capture=2 name='Hands' type='BSTriShape'
[00:16:16.839] [10288] [I] SCOPY GEOMETRY capture=2 name='Bracelet' type='BSTriShape'
[00:16:16.839] [10288] [I] SCOPY GEOMETRY capture=2 name='CollisionStopper' type='BSTriShape'
[00:16:16.839] [10288] [I] SCOPY GEOMETRY capture=2 name='LowerBodyCollision' type='BSTriShape'
[00:16:16.839] [10288] [I] SCOPY GEOMETRY capture=2 name='VirtualGround' type='BSTriShape'
[00:16:16.839] [10288] [I] SCOPY GEOMETRY capture=2 name='BaseShape' type='BSTriShape'
[00:16:16.839] [10288] [I] SCOPY GEOMETRY capture=2 name='Thighstrap' type='BSTriShape'
[00:16:16.839] [10288] [I] SCOPY GEOMETRY capture=2 name='Armband' type='BSTriShape'
[00:16:16.839] [10288] [I] SCOPY GEOMETRY capture=2 name='Dress_Inner' type='BSTriShape'
[00:16:16.839] [10288] [I] SCOPY GEOMETRY capture=2 name='Dress' type='BSTriShape'
[00:16:16.839] [10288] [I] SCOPY GEOMETRY capture=2 name='Face [Ovl0]' type='BSDynamicTriShape'
[00:16:16.839] [10288] [I] SCOPY GEOMETRY capture=2 name='pSmallFlare' type='NiParticleSystem'
[00:16:16.839] [10288] [I] SCOPY GEOMETRY capture=2 name='SuperSpray04' type='NiParticleSystem'
[00:16:16.839] [10288] [I] SCOPY GEOMETRY capture=2 name='Wisps:0' type='BSTriShape'
[00:16:16.839] [10288] [I] SCOPY GEOMETRY capture=2 name='Circle02' type='BSTriShape'
[00:16:16.839] [10288] [I] SCOPY GEOMETRY capture=2 name='Flash' type='BSTriShape'
[00:16:16.839] [10288] [I] SCOPY GEOMETRY capture=2 name='SuperSprayBreath' type='NiParticleSystem'
[00:16:16.839] [10288] [I] SCOPY GEOMETRY capture=2 name='SuperSprayBreath' type='NiParticleSystem'
[00:16:16.839] [10288] [I] SCOPY GEOMETRY capture=2 name='SuperSprayBreath' type='NiParticleSystem'
[00:16:16.839] [10288] [I] SCOPY GEOMETRY capture=2 name='SuperSprayBreath' type='NiParticleSystem'
[00:16:16.839] [10288] [I] SCOPY GEOMETRY capture=2 name='SuperSprayBreath' type='NiParticleSystem'
[00:16:16.839] [10288] [I] SCOPY GEOMETRY capture=2 name='SuperSprayBreath' type='NiParticleSystem'
[00:16:16.839] [10288] [I] SCOPY GEOMETRY capture=2 name='SuperSprayBreath' type='NiParticleSystem'
[00:16:16.839] [10288] [I] SCOPY GEOMETRY capture=2 name='SuperSprayBreath' type='NiParticleSystem'
[00:16:16.839] [10288] [I] SCOPY GEOMETRY capture=2 name='SuperSprayBreath' type='NiParticleSystem'
[00:16:16.839] [10288] [I] SCOPY GEOMETRY capture=2 name='SuperSprayBreath' type='NiParticleSystem'
[00:16:16.839] [10288] [I] SCOPY GEOMETRY capture=2 name='SuperSprayBreath' type='NiParticleSystem'
[00:16:16.839] [10288] [I] SCOPY GEOMETRY capture=2 name='SuperSprayBreath' type='NiParticleSystem'
[00:16:16.839] [10288] [I] SCOPY GEOMETRY capture=2 name='SuperSprayBreath' type='NiParticleSystem'
[00:16:16.839] [10288] [I] SCOPY GEOMETRY capture=2 name='SuperSprayBreath' type='NiParticleSystem'
[00:16:16.839] [10288] [I] SCOPY GEOMETRY capture=2 name='SuperSprayBreath' type='NiParticleSystem'
[00:16:16.839] [10288] [I] SCOPY GEOMETRY capture=2 name='SuperSprayBreath' type='NiParticleSystem'
[00:16:16.839] [10288] [I] SCOPY GEOMETRY capture=2 name='SuperSprayBreath' type='NiParticleSystem'
[00:16:16.839] [10288] [I] SCOPY GEOMETRY capture=2 name='SuperSprayBreath' type='NiParticleSystem'
[00:16:16.839] [10288] [I] SCOPY GEOMETRY capture=2 name='SuperSprayBreath' type='NiParticleSystem'
[00:16:16.839] [10288] [I] SCOPY GEOMETRY capture=2 name='SuperSprayBreath' type='NiParticleSystem'
[00:16:16.839] [10288] [I] SCOPY GEOMETRY capture=2 name='SuperSprayBreath' type='NiParticleSystem'
[00:16:16.839] [10288] [I] SCOPY GEOMETRY capture=2 name='SuperSprayBreath' type='NiParticleSystem'
[00:16:16.839] [10288] [I] SCOPY GEOMETRY capture=2 name='SuperSprayBreath' type='NiParticleSystem'
[00:16:16.839] [10288] [I] SCOPY GEOMETRY capture=2 name='SuperSprayBreath' type='NiParticleSystem'
[00:16:16.839] [10288] [I] SCOPY GEOMETRY capture=2 name='SuperSprayBreath' type='NiParticleSystem'
[00:16:16.839] [10288] [I] SCOPY GEOMETRY capture=2 name='SuperSprayBreath' type='NiParticleSystem'
[00:16:16.839] [10288] [I] SCOPY GEOMETRY capture=2 name='SuperSprayBreath' type='NiParticleSystem'
[00:16:16.839] [10288] [I] SCOPY GEOMETRY capture=2 name='SuperSprayBreath' type='NiParticleSystem'
[00:16:16.839] [10288] [I] SCOPY GEOMETRY capture=2 name='SuperSprayBreath' type='NiParticleSystem'
[00:16:16.839] [10288] [I] SCOPY GEOMETRY capture=2 name='SuperSprayBreath' type='NiParticleSystem'
[00:16:16.839] [10288] [I] SCOPY GEOMETRY capture=2 name='SuperSprayBreath' type='NiParticleSystem'
[00:16:16.839] [10288] [I] SCOPY GEOMETRY capture=2 name='SuperSprayBreath' type='NiParticleSystem'
[00:16:16.839] [10288] [I] SCOPY GEOMETRY capture=2 name='SuperSprayBreath' type='NiParticleSystem'
[00:16:16.839] [10288] [I] SCOPY GEOMETRY capture=2 name='SuperSprayBreath' type='NiParticleSystem'
[00:16:16.839] [10288] [I] SCOPY GEOMETRY capture=2 name='SuperSprayBreath' type='NiParticleSystem'
[00:16:16.839] [10288] [I] SCOPY GEOMETRY capture=2 name='SuperSprayBreath' type='NiParticleSystem'
[00:16:16.839] [10288] [I] SCOPY GEOMETRY capture=2 name='SuperSprayBreath' type='NiParticleSystem'
[00:16:16.839] [10288] [I] SCOPY GEOMETRY capture=2 name='SuperSprayBreath' type='NiParticleSystem'
[00:16:16.839] [10288] [I] SCOPY GEOMETRY capture=2 name='SuperSprayBreath' type='NiParticleSystem'
[00:16:16.839] [10288] [I] SCOPY GEOMETRY capture=2 name='SuperSprayBreath' type='NiParticleSystem'
[00:16:16.839] [10288] [I] SCOPY GEOMETRY capture=2 name='SuperSprayBreath' type='NiParticleSystem'
[00:16:16.839] [10288] [I] SCOPY GEOMETRY capture=2 name='SuperSprayBreath' type='NiParticleSystem'
[00:16:16.839] [10288] [I] SCOPY GEOMETRY capture=2 name='SuperSprayBreath' type='NiParticleSystem'
[00:16:16.839] [10288] [I] SCOPY GEOMETRY capture=2 name='SuperSprayBreath' type='NiParticleSystem'
[00:16:16.839] [10288] [I] SCOPY GEOMETRY capture=2 name='SuperSprayBreath' type='NiParticleSystem'
[00:16:16.839] [10288] [I] SCOPY GEOMETRY capture=2 name='SuperSprayBreath' type='NiParticleSystem'
[00:16:16.839] [10288] [I] SCOPY GEOMETRY capture=2 name='SuperSprayBreath' type='NiParticleSystem'
[00:16:16.839] [10288] [I] SCOPY GEOMETRY capture=2 name='SuperSprayBreath' type='NiParticleSystem'
[00:16:16.839] [10288] [I] SCOPY GEOMETRY capture=2 name='SuperSprayBreath' type='NiParticleSystem'
[00:16:16.839] [10288] [I] SCOPY GEOMETRY capture=2 name='Scb' type='BSTriShape'
[00:16:16.839] [10288] [I] SCOPY GEOMETRY capture=2 name='SilverSword:0' type='BSTriShape'
[00:16:16.839] [10288] [I] SCOPY GEOMETRY capture=2 name='BloodFX' type='BSTriShape'
[00:16:16.839] [10288] [I] SCOPY GEOMETRY capture=2 name='BloodLighting' type='BSTriShape'
[00:16:16.839] [10288] [I] SCOPY GEOMETRY capture=2 name=':47' type='BSTriShape'
[00:16:16.839] [10288] [I] SCOPY GEOMETRY capture=2 name=':40' type='BSTriShape'
[00:16:16.839] [10288] [I] SCOPY GEOMETRY capture=2 name='DiamondTop:1' type='BSTriShape'
[00:16:16.839] [10288] [I] SCOPY GEOMETRY capture=2 name='DiamondBottom:0' type='BSTriShape'
[00:16:18.815] [10288] [I] SCOPY DRAW-TOGGLE enabled=true capture=2
[00:16:18.815] [10288] [I] SCOPY IDLE bound 8/8 channels
[00:16:18.817] [10288] [I] Clone draw: passes=47 rd-null=44 lights=3 | geoms=51 skinned=48 roots=2 num-mat=903 bone-count=936 bound=903
[00:16:18.817] [10288] [I] SCOPY DRAW frame=1 passes=47 lights=true animation-driver=none physics-driver=none
[00:16:20.718] [10288] [I] SCOPY IDLE t=2.0s 'NPC Pelvis [Pelv]' moved=(0.78,0.00,0.00) rot=3.34deg | 'NPC Spine1 [Spn1]' moved=(0.00,0.00,0.00) rot=-2.41deg | 'NPC Spine2 [Spn2]' moved=(0.09,-0.05,-0.01) rot=-0.96deg | 'NPC Head [Head]' moved=(0.37,-0.37,0.02) rot=2.79deg
[00:16:21.327] [10288] [I] Clone draw: passes=47 rd-null=44 lights=3 | geoms=51 skinned=48 roots=2 num-mat=903 bone-count=936 bound=903
[00:16:21.327] [10288] [I] SCOPY DRAW frame=121 passes=47 lights=true animation-driver=none physics-driver=none
[00:16:22.732] [10288] [I] SCOPY IDLE t=4.0s 'NPC Pelvis [Pelv]' moved=(-0.79,0.00,0.00) rot=-2.91deg | 'NPC Spine1 [Spn1]' moved=(0.00,0.00,0.00) rot=2.77deg | 'NPC Spine2 [Spn2]' moved=(-0.09,0.07,0.01) rot=0.87deg | 'NPC Head [Head]' moved=(-0.37,0.44,-0.05) rot=-1.36deg
[00:16:23.916] [10288] [I] Clone draw: passes=47 rd-null=44 lights=3 | geoms=51 skinned=48 roots=2 num-mat=903 bone-count=936 bound=903
[00:16:23.916] [10288] [I] SCOPY DRAW frame=241 passes=47 lights=true animation-driver=none physics-driver=none
[00:16:24.748] [10288] [I] SCOPY IDLE t=6.0s 'NPC Pelvis [Pelv]' moved=(0.03,0.00,0.00) rot=-1.33deg | 'NPC Spine1 [Spn1]' moved=(0.00,0.00,0.00) rot=-0.85deg | 'NPC Spine2 [Spn2]' moved=(0.00,-0.05,-0.01) rot=-0.23deg | 'NPC Head [Head]' moved=(0.01,-0.23,0.02) rot=-1.50deg
[00:16:25.251] [10288] [I] SCOPY DRAW-TOGGLE enabled=false capture=2
